  console.error
    An update to Root inside a test was not wrapped in act(...).
    
    When testing, code that causes React state updates should be wrapped into act(...):
    
    act(() => {
      /* fire events that update state */
    });
    /* assert on the output */
    
    This ensures that you're testing the behavior the user would see in the browser. Learn more at https://react.dev/link/wrap-tests-with-act

    [0m [90m  5 |[39m describe([32m'Verification Test'[39m[33m,[39m () [33m=>[39m {
     [90m  6 |[39m     it([32m'renders correctly'[39m[33m,[39m () [33m=>[39m {
    [31m[1m>[22m[39m[90m  7 |[39m         [36mconst[39m tree [33m=[39m renderer[33m.[39mcreate([33m<[39m[33mText[39m[33m>[39m[33mOpenCode[39m[33m<[39m[33m/[39m[33mText[39m[33m>[39m)[33m.[39mtoJSON()[33m;[39m
     [90m    |[39m                               [31m[1m^[22m[39m
     [90m  8 |[39m         expect(tree)[33m.[39mtoBeTruthy()[33m;[39m
     [90m  9 |[39m     })[33m;[39m
     [90m 10 |[39m[0m

      at node_modules/.pnpm/react-test-renderer@19.1.0_react@19.1.0/node_modules/react-test-renderer/cjs/react-test-renderer.development.js:11801:19
      at runWithFiberInDEV (node_modules/.pnpm/react-test-renderer@19.1.0_react@19.1.0/node_modules/react-test-renderer/cjs/react-test-renderer.development.js:1574:13)
      at warnIfUpdatesNotWrappedWithActDEV (node_modules/.pnpm/react-test-renderer@19.1.0_react@19.1.0/node_modules/react-test-renderer/cjs/react-test-renderer.development.js:11800:9)
      at scheduleUpdateOnFiber (node_modules/.pnpm/react-test-renderer@19.1.0_react@19.1.0/node_modules/react-test-renderer/cjs/react-test-renderer.development.js:10326:9)
      at updateContainerImpl (node_modules/.pnpm/react-test-renderer@19.1.0_react@19.1.0/node_modules/react-test-renderer/cjs/react-test-renderer.development.js:12382:10)
      at updateContainer (node_modules/.pnpm/react-test-renderer@19.1.0_react@19.1.0/node_modules/react-test-renderer/cjs/react-test-renderer.development.js:12326:7)
      at Object.<anonymous>.process.env.NODE_ENV.exports.create (node_modules/.pnpm/react-test-renderer@19.1.0_react@19.1.0/node_modules/react-test-renderer/cjs/react-test-renderer.development.js:14630:7)
      at Object.create (components/__tests__/Verification-test.tsx:7:31)

FAIL components/__tests__/Verification-test.tsx
  Verification Test
    ├ù renders correctly (100 ms)
    ΓêÜ basic math (1 ms)

  ΓùÅ Verification Test ΓÇ║ renders correctly

    expect(received).toBeTruthy()

    Received: null

       6 |     it('renders correctly', () => {
       7 |         const tree = renderer.create(<Text>OpenCode</Text>).toJSON();
    >  8 |         expect(tree).toBeTruthy();
         |                      ^
       9 |     });
      10 |
      11 |     it('basic math', () => {

      at Object.toBeTruthy (components/__tests__/Verification-test.tsx:8:22)

Test Suites: 1 failed, 1 total
Tests:       1 failed, 1 passed, 2 total
Snapshots:   0 total
Time:        0.572 s, estimated 2 s
Ran all test suites matching /components\\__tests__\\Verification-test.tsx/i.
